Testing accounts/profile.html...
  LOAD OK
python : C:\Users\lokan\AppData\L
ocal\Python\pythoncore-3.14-64\Li
b\site-packages\django\template\d
efaulttags.py:84: UserWarning: A 
{% csrf_token %} was used in a 
template, but the context did 
not provide the value.  This is 
usually caused by not using 
RequestContext.
At line:1 char:1
+ python test_template.py > 
test_output.txt 2>&1
+ ~~~~~~~~~~~~~~~~~~~~~~~~~~~~~~~
~~~~~~~~~~~~~~~
    + CategoryInfo          : No 
   tSpecified: (C:\Users\lokan\  
  ...RequestContext.:String) [   
 ], RemoteException
    + FullyQualifiedErrorId : Na 
   tiveCommandError
 
  warnings.warn(
  RENDER OK
Testing citizen/track.html...
  LOAD OK
  RENDER OK
Testing citizen/dashboard_bootstrap.html...
  LOAD OK
  RENDER OK
